<html>
<head>
    <meta charset="utf-8">
    <title>Example blog</title>
</head>
<body>

<h1>Example blog</h1>


<ul>
    <li>
        2018-08-17T16:35:00Z
        <a href="my-last-post.html">My last post</a>
    </li>
    <li>
        2018-08-17T16:32:00Z
        <a href="my-first-post.html">My first post</a>
    </li>
</ul>

</div>
</body>
</html>
